// Jest Snapshot v1, https://goo.gl/fbAQLP

exports[`Test the password reset verification component renders without crashing 1`] = `
<div
  className=""
>
  Please Wait...
</div>
`;
